Analysis & Synthesis report for boothmul
Fri Apr  3 15:29:25 2026
Quartus Prime Version 25.1std.0 Build 1129 10/21/2025 SC Lite Edition


---------------------
; Table of Contents ;
---------------------
  1. Legal Notice
  2. Analysis & Synthesis Summary
  3. Analysis & Synthesis Settings
  4. Parallel Compilation
  5. Analysis & Synthesis Source Files Read
  6. Analysis & Synthesis Resource Usage Summary
  7. Analysis & Synthesis Resource Utilization by Entity
  8. General Register Statistics
  9. Multiplexer Restructuring Statistics (Restructuring Performed)
 10. Parameter Settings for User Entity Instance: Top-level Entity: |boothmul
 11. Parameter Settings for User Entity Instance: booth_encoder_selector:\gen_pp:0:encoder_inst
 12. Parameter Settings for User Entity Instance: booth_encoder_selector:\gen_pp:1:encoder_inst
 13. Parameter Settings for User Entity Instance: booth_encoder_selector:\gen_pp:2:encoder_inst
 14. Parameter Settings for User Entity Instance: booth_encoder_selector:\gen_pp:3:encoder_inst
 15. Parameter Settings for User Entity Instance: booth_encoder_selector:\gen_pp:4:encoder_inst
 16. Parameter Settings for User Entity Instance: booth_encoder_selector:\gen_pp:5:encoder_inst
 17. Parameter Settings for User Entity Instance: booth_encoder_selector:\gen_pp:6:encoder_inst
 18. Parameter Settings for User Entity Instance: booth_encoder_selector:\gen_pp:7:encoder_inst
 19. Parameter Settings for User Entity Instance: RCA:\gen_adders:1:rca_inst
 20. Parameter Settings for User Entity Instance: RCA:\gen_adders:2:rca_inst
 21. Parameter Settings for User Entity Instance: RCA:\gen_adders:3:rca_inst
 22. Parameter Settings for User Entity Instance: RCA:\gen_adders:4:rca_inst
 23. Parameter Settings for User Entity Instance: RCA:\gen_adders:5:rca_inst
 24. Parameter Settings for User Entity Instance: RCA:\gen_adders:6:rca_inst
 25. Parameter Settings for User Entity Instance: RCA:\gen_adders:7:rca_inst
 26. Port Connectivity Checks: "RCA:\gen_adders:7:rca_inst"
 27. Port Connectivity Checks: "RCA:\gen_adders:6:rca_inst"
 28. Port Connectivity Checks: "RCA:\gen_adders:5:rca_inst"
 29. Port Connectivity Checks: "RCA:\gen_adders:4:rca_inst"
 30. Port Connectivity Checks: "RCA:\gen_adders:3:rca_inst"
 31. Port Connectivity Checks: "RCA:\gen_adders:2:rca_inst"
 32. Port Connectivity Checks: "RCA:\gen_adders:1:rca_inst"
 33. Port Connectivity Checks: "booth_encoder_selector:\gen_pp:0:encoder_inst"
 34. Post-Synthesis Netlist Statistics for Top Partition
 35. Elapsed Time Per Partition
 36. Analysis & Synthesis Messages



----------------
; Legal Notice ;
----------------
Copyright (C) 2025  Altera Corporation. All rights reserved.
Your use of Altera Corporation's design tools, logic functions 
and other software and tools, and any partner logic 
functions, and any output files from any of the foregoing 
(including device programming or simulation files), and any 
associated documentation or information are expressly subject 
to the terms and conditions of the Altera Program License 
Subscription Agreement, the Altera Quartus Prime License Agreement,
the Altera IP License Agreement, or other applicable license
agreement, including, without limitation, that your use is for
the sole purpose of programming logic devices manufactured by
Altera and sold by Altera or its authorized distributors.  Please
refer to the Altera Software License Subscription Agreements 
on the Quartus Prime software download page.



+-----------------------------------------------------------------------------------+
; Analysis & Synthesis Summary                                                      ;
+---------------------------------+-------------------------------------------------+
; Analysis & Synthesis Status     ; Successful - Fri Apr  3 15:29:25 2026           ;
; Quartus Prime Version           ; 25.1std.0 Build 1129 10/21/2025 SC Lite Edition ;
; Revision Name                   ; boothmul                                        ;
; Top-level Entity Name           ; boothmul                                        ;
; Family                          ; Cyclone V                                       ;
; Logic utilization (in ALMs)     ; N/A                                             ;
; Total registers                 ; 0                                               ;
; Total pins                      ; 64                                              ;
; Total virtual pins              ; 0                                               ;
; Total block memory bits         ; 0                                               ;
; Total DSP Blocks                ; 0                                               ;
; Total HSSI RX PCSs              ; 0                                               ;
; Total HSSI PMA RX Deserializers ; 0                                               ;
; Total HSSI TX PCSs              ; 0                                               ;
; Total HSSI PMA TX Serializers   ; 0                                               ;
; Total PLLs                      ; 0                                               ;
; Total DLLs                      ; 0                                               ;
+---------------------------------+-------------------------------------------------+


+---------------------------------------------------------------------------------------------------------------------------+
; Analysis & Synthesis Settings                                                                                             ;
+---------------------------------------------------------------------------------+--------------------+--------------------+
; Option                                                                          ; Setting            ; Default Value      ;
+---------------------------------------------------------------------------------+--------------------+--------------------+
; Device                                                                          ; 5CSEMA5F31C6       ;                    ;
; Top-level entity name                                                           ; boothmul           ; boothmul           ;
; Family name                                                                     ; Cyclone V          ; Cyclone V          ;
; Use smart compilation                                                           ; Off                ; Off                ;
; Enable parallel Assembler and Timing Analyzer during compilation                ; On                 ; On                 ;
; Enable compact report table                                                     ; Off                ; Off                ;
; Restructure Multiplexers                                                        ; Auto               ; Auto               ;
; MLAB Add Timing Constraints For Mixed-Port Feed-Through Mode Setting Don't Care ; Off                ; Off                ;
; Create Debugging Nodes for IP Cores                                             ; Off                ; Off                ;
; Preserve fewer node names                                                       ; On                 ; On                 ;
; Intel FPGA IP Evaluation Mode                                                   ; Enable             ; Enable             ;
; Verilog Version                                                                 ; Verilog_2001       ; Verilog_2001       ;
; VHDL Version                                                                    ; VHDL_1993          ; VHDL_1993          ;
; State Machine Processing                                                        ; Auto               ; Auto               ;
; Safe State Machine                                                              ; Off                ; Off                ;
; Extract Verilog State Machines                                                  ; On                 ; On                 ;
; Extract VHDL State Machines                                                     ; On                 ; On                 ;
; Ignore Verilog initial constructs                                               ; Off                ; Off                ;
; Iteration limit for constant Verilog loops                                      ; 5000               ; 5000               ;
; Iteration limit for non-constant Verilog loops                                  ; 250                ; 250                ;
; Add Pass-Through Logic to Inferred RAMs                                         ; On                 ; On                 ;
; Infer RAMs from Raw Logic                                                       ; On                 ; On                 ;
; Parallel Synthesis                                                              ; On                 ; On                 ;
; DSP Block Balancing                                                             ; Auto               ; Auto               ;
; NOT Gate Push-Back                                                              ; On                 ; On                 ;
; Power-Up Don't Care                                                             ; On                 ; On                 ;
; Remove Redundant Logic Cells                                                    ; Off                ; Off                ;
; Remove Duplicate Registers                                                      ; On                 ; On                 ;
; Ignore CARRY Buffers                                                            ; Off                ; Off                ;
; Ignore CASCADE Buffers                                                          ; Off                ; Off                ;
; Ignore GLOBAL Buffers                                                           ; Off                ; Off                ;
; Ignore ROW GLOBAL Buffers                                                       ; Off                ; Off                ;
; Ignore LCELL Buffers                                                            ; Off                ; Off                ;
; Ignore SOFT Buffers                                                             ; On                 ; On                 ;
; Limit AHDL Integers to 32 Bits                                                  ; Off                ; Off                ;
; Optimization Technique                                                          ; Balanced           ; Balanced           ;
; Carry Chain Length                                                              ; 70                 ; 70                 ;
; Auto Carry Chains                                                               ; On                 ; On                 ;
; Auto Open-Drain Pins                                                            ; On                 ; On                 ;
; Perform WYSIWYG Primitive Resynthesis                                           ; Off                ; Off                ;
; Auto ROM Replacement                                                            ; On                 ; On                 ;
; Auto RAM Replacement                                                            ; On                 ; On                 ;
; Auto DSP Block Replacement                                                      ; On                 ; On                 ;
; Auto Shift Register Replacement                                                 ; Auto               ; Auto               ;
; Allow Shift Register Merging across Hierarchies                                 ; Auto               ; Auto               ;
; Auto Clock Enable Replacement                                                   ; On                 ; On                 ;
; Strict RAM Replacement                                                          ; Off                ; Off                ;
; Allow Synchronous Control Signals                                               ; On                 ; On                 ;
; Force Use of Synchronous Clear Signals                                          ; Off                ; Off                ;
; Auto Resource Sharing                                                           ; Off                ; Off                ;
; Allow Any RAM Size For Recognition                                              ; Off                ; Off                ;
; Allow Any ROM Size For Recognition                                              ; Off                ; Off                ;
; Allow Any Shift Register Size For Recognition                                   ; Off                ; Off                ;
; Use LogicLock Constraints during Resource Balancing                             ; On                 ; On                 ;
; Ignore translate_off and synthesis_off directives                               ; Off                ; Off                ;
; Timing-Driven Synthesis                                                         ; On                 ; On                 ;
; Report Parameter Settings                                                       ; On                 ; On                 ;
; Report Source Assignments                                                       ; On                 ; On                 ;
; Report Connectivity Checks                                                      ; On                 ; On                 ;
; Ignore Maximum Fan-Out Assignments                                              ; Off                ; Off                ;
; Synchronization Register Chain Length                                           ; 3                  ; 3                  ;
; Power Optimization During Synthesis                                             ; Normal compilation ; Normal compilation ;
; HDL message level                                                               ; Level2             ; Level2             ;
; Suppress Register Optimization Related Messages                                 ; Off                ; Off                ;
; Number of Removed Registers Reported in Synthesis Report                        ; 5000               ; 5000               ;
; Number of Swept Nodes Reported in Synthesis Report                              ; 5000               ; 5000               ;
; Number of Inverted Registers Reported in Synthesis Report                       ; 100                ; 100                ;
; Clock MUX Protection                                                            ; On                 ; On                 ;
; Auto Gated Clock Conversion                                                     ; Off                ; Off                ;
; Block Design Naming                                                             ; Auto               ; Auto               ;
; SDC constraint protection                                                       ; Off                ; Off                ;
; Synthesis Effort                                                                ; Auto               ; Auto               ;
; Shift Register Replacement - Allow Asynchronous Clear Signal                    ; On                 ; On                 ;
; Pre-Mapping Resynthesis Optimization                                            ; Off                ; Off                ;
; Analysis & Synthesis Message Level                                              ; Medium             ; Medium             ;
; Disable Register Merging Across Hierarchies                                     ; Auto               ; Auto               ;
; Resource Aware Inference For Block RAM                                          ; On                 ; On                 ;
; Automatic Parallel Synthesis                                                    ; On                 ; On                 ;
; Partial Reconfiguration Bitstream ID                                            ; Off                ; Off                ;
+---------------------------------------------------------------------------------+--------------------+--------------------+


+------------------------------------------+
; Parallel Compilation                     ;
+----------------------------+-------------+
; Processors                 ; Number      ;
+----------------------------+-------------+
; Number detected on machine ; 24          ;
; Maximum allowed            ; 16          ;
;                            ;             ;
; Average used               ; 1.00        ;
; Maximum used               ; 1           ;
;                            ;             ;
; Usage by Processor         ; % Time Used ;
;     Processor 1            ; 100.0%      ;
+----------------------------+-------------+


+-------------------------------------------------------------------------------------------------------------------------------------------------------------+
; Analysis & Synthesis Source Files Read                                                                                                                      ;
+----------------------------------+-----------------+-----------------+----------------------------------------------------------------------------+---------+
; File Name with User-Entered Path ; Used in Netlist ; File Type       ; File Name with Absolute Path                                               ; Library ;
+----------------------------------+-----------------+-----------------+----------------------------------------------------------------------------+---------+
; rca.vhd                          ; yes             ; User VHDL File  ; D:/University/_MicroLabs/_tmp/Lab2/cap2/ex2.2.1/rca.vhd                    ;         ;
; fa.vhd                           ; yes             ; User VHDL File  ; D:/University/_MicroLabs/_tmp/Lab2/cap2/ex2.2.1/fa.vhd                     ;         ;
; booth_encoder_selector.vhd       ; yes             ; User VHDL File  ; D:/University/_MicroLabs/_tmp/Lab2/cap2/ex2.2.1/booth_encoder_selector.vhd ;         ;
; constants.vhd                    ; yes             ; User VHDL File  ; D:/University/_MicroLabs/_tmp/Lab2/cap2/ex2.2.1/constants.vhd              ;         ;
; boothmul.vhd                     ; yes             ; User VHDL File  ; D:/University/_MicroLabs/_tmp/Lab2/cap2/ex2.2.1/boothmul.vhd               ;         ;
+----------------------------------+-----------------+-----------------+----------------------------------------------------------------------------+---------+


+----------------------------------------------------------+
; Analysis & Synthesis Resource Usage Summary              ;
+---------------------------------------------+------------+
; Resource                                    ; Usage      ;
+---------------------------------------------+------------+
; Estimate of Logic utilization (ALMs needed) ; 380        ;
;                                             ;            ;
; Combinational ALUT usage for logic          ; 500        ;
;     -- 7 input functions                    ; 105        ;
;     -- 6 input functions                    ; 155        ;
;     -- 5 input functions                    ; 115        ;
;     -- 4 input functions                    ; 37         ;
;     -- <=3 input functions                  ; 88         ;
;                                             ;            ;
; Dedicated logic registers                   ; 0          ;
;                                             ;            ;
; I/O pins                                    ; 64         ;
;                                             ;            ;
; Total DSP Blocks                            ; 0          ;
;                                             ;            ;
; Maximum fan-out node                        ; b[1]~input ;
; Maximum fan-out                             ; 39         ;
; Total fan-out                               ; 2690       ;
; Average fan-out                             ; 4.28       ;
+---------------------------------------------+------------+


+---------------------------------------------------------------------------------------------------------------------------------------------------------------------------------------------------------------------------------------------------------------+
; Analysis & Synthesis Resource Utilization by Entity                                                                                                                                                                                                           ;
+----------------------------------------------------+---------------------+---------------------------+-------------------+------------+------+--------------+---------------------------------------------------------+------------------------+--------------+
; Compilation Hierarchy Node                         ; Combinational ALUTs ; Dedicated Logic Registers ; Block Memory Bits ; DSP Blocks ; Pins ; Virtual Pins ; Full Hierarchy Name                                     ; Entity Name            ; Library Name ;
+----------------------------------------------------+---------------------+---------------------------+-------------------+------------+------+--------------+---------------------------------------------------------+------------------------+--------------+
; |boothmul                                          ; 500 (0)             ; 0 (0)                     ; 0                 ; 0          ; 64   ; 0            ; |boothmul                                               ; boothmul               ; work         ;
;    |RCA:\gen_adders:1:rca_inst|                    ; 49 (0)              ; 0 (0)                     ; 0                 ; 0          ; 0    ; 0            ; |boothmul|RCA:\gen_adders:1:rca_inst                    ; RCA                    ; work         ;
;       |FA:\ADDER1:10:FAI|                          ; 3 (3)               ; 0 (0)                     ; 0                 ; 0          ; 0    ; 0            ; |boothmul|RCA:\gen_adders:1:rca_inst|FA:\ADDER1:10:FAI  ; FA                     ; work         ;
;       |FA:\ADDER1:11:FAI|                          ; 2 (2)               ; 0 (0)                     ; 0                 ; 0          ; 0    ; 0            ; |boothmul|RCA:\gen_adders:1:rca_inst|FA:\ADDER1:11:FAI  ; FA                     ; work         ;
;       |FA:\ADDER1:12:FAI|                          ; 1 (1)               ; 0 (0)                     ; 0                 ; 0          ; 0    ; 0            ; |boothmul|RCA:\gen_adders:1:rca_inst|FA:\ADDER1:12:FAI  ; FA                     ; work         ;
;       |FA:\ADDER1:13:FAI|                          ; 5 (5)               ; 0 (0)                     ; 0                 ; 0          ; 0    ; 0            ; |boothmul|RCA:\gen_adders:1:rca_inst|FA:\ADDER1:13:FAI  ; FA                     ; work         ;
;       |FA:\ADDER1:14:FAI|                          ; 4 (4)               ; 0 (0)                     ; 0                 ; 0          ; 0    ; 0            ; |boothmul|RCA:\gen_adders:1:rca_inst|FA:\ADDER1:14:FAI  ; FA                     ; work         ;
;       |FA:\ADDER1:15:FAI|                          ; 4 (4)               ; 0 (0)                     ; 0                 ; 0          ; 0    ; 0            ; |boothmul|RCA:\gen_adders:1:rca_inst|FA:\ADDER1:15:FAI  ; FA                     ; work         ;
;       |FA:\ADDER1:16:FAI|                          ; 3 (3)               ; 0 (0)                     ; 0                 ; 0          ; 0    ; 0            ; |boothmul|RCA:\gen_adders:1:rca_inst|FA:\ADDER1:16:FAI  ; FA                     ; work         ;
;       |FA:\ADDER1:17:FAI|                          ; 3 (3)               ; 0 (0)                     ; 0                 ; 0          ; 0    ; 0            ; |boothmul|RCA:\gen_adders:1:rca_inst|FA:\ADDER1:17:FAI  ; FA                     ; work         ;
;       |FA:\ADDER1:18:FAI|                          ; 1 (1)               ; 0 (0)                     ; 0                 ; 0          ; 0    ; 0            ; |boothmul|RCA:\gen_adders:1:rca_inst|FA:\ADDER1:18:FAI  ; FA                     ; work         ;
;       |FA:\ADDER1:19:FAI|                          ; 2 (2)               ; 0 (0)                     ; 0                 ; 0          ; 0    ; 0            ; |boothmul|RCA:\gen_adders:1:rca_inst|FA:\ADDER1:19:FAI  ; FA                     ; work         ;
;       |FA:\ADDER1:21:FAI|                          ; 1 (1)               ; 0 (0)                     ; 0                 ; 0          ; 0    ; 0            ; |boothmul|RCA:\gen_adders:1:rca_inst|FA:\ADDER1:21:FAI  ; FA                     ; work         ;
;       |FA:\ADDER1:3:FAI|                           ; 2 (2)               ; 0 (0)                     ; 0                 ; 0          ; 0    ; 0            ; |boothmul|RCA:\gen_adders:1:rca_inst|FA:\ADDER1:3:FAI   ; FA                     ; work         ;
;       |FA:\ADDER1:4:FAI|                           ; 2 (2)               ; 0 (0)                     ; 0                 ; 0          ; 0    ; 0            ; |boothmul|RCA:\gen_adders:1:rca_inst|FA:\ADDER1:4:FAI   ; FA                     ; work         ;
;       |FA:\ADDER1:5:FAI|                           ; 1 (1)               ; 0 (0)                     ; 0                 ; 0          ; 0    ; 0            ; |boothmul|RCA:\gen_adders:1:rca_inst|FA:\ADDER1:5:FAI   ; FA                     ; work         ;
;       |FA:\ADDER1:6:FAI|                           ; 3 (3)               ; 0 (0)                     ; 0                 ; 0          ; 0    ; 0            ; |boothmul|RCA:\gen_adders:1:rca_inst|FA:\ADDER1:6:FAI   ; FA                     ; work         ;
;       |FA:\ADDER1:7:FAI|                           ; 2 (2)               ; 0 (0)                     ; 0                 ; 0          ; 0    ; 0            ; |boothmul|RCA:\gen_adders:1:rca_inst|FA:\ADDER1:7:FAI   ; FA                     ; work         ;
;       |FA:\ADDER1:8:FAI|                           ; 5 (5)               ; 0 (0)                     ; 0                 ; 0          ; 0    ; 0            ; |boothmul|RCA:\gen_adders:1:rca_inst|FA:\ADDER1:8:FAI   ; FA                     ; work         ;
;       |FA:\ADDER1:9:FAI|                           ; 5 (5)               ; 0 (0)                     ; 0                 ; 0          ; 0    ; 0            ; |boothmul|RCA:\gen_adders:1:rca_inst|FA:\ADDER1:9:FAI   ; FA                     ; work         ;
;    |RCA:\gen_adders:2:rca_inst|                    ; 49 (0)              ; 0 (0)                     ; 0                 ; 0          ; 0    ; 0            ; |boothmul|RCA:\gen_adders:2:rca_inst                    ; RCA                    ; work         ;
;       |FA:\ADDER1:10:FAI|                          ; 3 (3)               ; 0 (0)                     ; 0                 ; 0          ; 0    ; 0            ; |boothmul|RCA:\gen_adders:2:rca_inst|FA:\ADDER1:10:FAI  ; FA                     ; work         ;
;       |FA:\ADDER1:11:FAI|                          ; 3 (3)               ; 0 (0)                     ; 0                 ; 0          ; 0    ; 0            ; |boothmul|RCA:\gen_adders:2:rca_inst|FA:\ADDER1:11:FAI  ; FA                     ; work         ;
;       |FA:\ADDER1:12:FAI|                          ; 3 (3)               ; 0 (0)                     ; 0                 ; 0          ; 0    ; 0            ; |boothmul|RCA:\gen_adders:2:rca_inst|FA:\ADDER1:12:FAI  ; FA                     ; work         ;
;       |FA:\ADDER1:13:FAI|                          ; 3 (3)               ; 0 (0)                     ; 0                 ; 0          ; 0    ; 0            ; |boothmul|RCA:\gen_adders:2:rca_inst|FA:\ADDER1:13:FAI  ; FA                     ; work         ;
;       |FA:\ADDER1:14:FAI|                          ; 2 (2)               ; 0 (0)                     ; 0                 ; 0          ; 0    ; 0            ; |boothmul|RCA:\gen_adders:2:rca_inst|FA:\ADDER1:14:FAI  ; FA                     ; work         ;
;       |FA:\ADDER1:15:FAI|                          ; 6 (6)               ; 0 (0)                     ; 0                 ; 0          ; 0    ; 0            ; |boothmul|RCA:\gen_adders:2:rca_inst|FA:\ADDER1:15:FAI  ; FA                     ; work         ;
;       |FA:\ADDER1:16:FAI|                          ; 2 (2)               ; 0 (0)                     ; 0                 ; 0          ; 0    ; 0            ; |boothmul|RCA:\gen_adders:2:rca_inst|FA:\ADDER1:16:FAI  ; FA                     ; work         ;
;       |FA:\ADDER1:17:FAI|                          ; 3 (3)               ; 0 (0)                     ; 0                 ; 0          ; 0    ; 0            ; |boothmul|RCA:\gen_adders:2:rca_inst|FA:\ADDER1:17:FAI  ; FA                     ; work         ;
;       |FA:\ADDER1:18:FAI|                          ; 2 (2)               ; 0 (0)                     ; 0                 ; 0          ; 0    ; 0            ; |boothmul|RCA:\gen_adders:2:rca_inst|FA:\ADDER1:18:FAI  ; FA                     ; work         ;
;       |FA:\ADDER1:19:FAI|                          ; 1 (1)               ; 0 (0)                     ; 0                 ; 0          ; 0    ; 0            ; |boothmul|RCA:\gen_adders:2:rca_inst|FA:\ADDER1:19:FAI  ; FA                     ; work         ;
;       |FA:\ADDER1:20:FAI|                          ; 6 (6)               ; 0 (0)                     ; 0                 ; 0          ; 0    ; 0            ; |boothmul|RCA:\gen_adders:2:rca_inst|FA:\ADDER1:20:FAI  ; FA                     ; work         ;
;       |FA:\ADDER1:21:FAI|                          ; 1 (1)               ; 0 (0)                     ; 0                 ; 0          ; 0    ; 0            ; |boothmul|RCA:\gen_adders:2:rca_inst|FA:\ADDER1:21:FAI  ; FA                     ; work         ;
;       |FA:\ADDER1:22:FAI|                          ; 1 (1)               ; 0 (0)                     ; 0                 ; 0          ; 0    ; 0            ; |boothmul|RCA:\gen_adders:2:rca_inst|FA:\ADDER1:22:FAI  ; FA                     ; work         ;
;       |FA:\ADDER1:23:FAI|                          ; 1 (1)               ; 0 (0)                     ; 0                 ; 0          ; 0    ; 0            ; |boothmul|RCA:\gen_adders:2:rca_inst|FA:\ADDER1:23:FAI  ; FA                     ; work         ;
;       |FA:\ADDER1:24:FAI|                          ; 1 (1)               ; 0 (0)                     ; 0                 ; 0          ; 0    ; 0            ; |boothmul|RCA:\gen_adders:2:rca_inst|FA:\ADDER1:24:FAI  ; FA                     ; work         ;
;       |FA:\ADDER1:5:FAI|                           ; 2 (2)               ; 0 (0)                     ; 0                 ; 0          ; 0    ; 0            ; |boothmul|RCA:\gen_adders:2:rca_inst|FA:\ADDER1:5:FAI   ; FA                     ; work         ;
;       |FA:\ADDER1:6:FAI|                           ; 2 (2)               ; 0 (0)                     ; 0                 ; 0          ; 0    ; 0            ; |boothmul|RCA:\gen_adders:2:rca_inst|FA:\ADDER1:6:FAI   ; FA                     ; work         ;
;       |FA:\ADDER1:7:FAI|                           ; 1 (1)               ; 0 (0)                     ; 0                 ; 0          ; 0    ; 0            ; |boothmul|RCA:\gen_adders:2:rca_inst|FA:\ADDER1:7:FAI   ; FA                     ; work         ;
;       |FA:\ADDER1:8:FAI|                           ; 3 (3)               ; 0 (0)                     ; 0                 ; 0          ; 0    ; 0            ; |boothmul|RCA:\gen_adders:2:rca_inst|FA:\ADDER1:8:FAI   ; FA                     ; work         ;
;       |FA:\ADDER1:9:FAI|                           ; 3 (3)               ; 0 (0)                     ; 0                 ; 0          ; 0    ; 0            ; |boothmul|RCA:\gen_adders:2:rca_inst|FA:\ADDER1:9:FAI   ; FA                     ; work         ;
;    |RCA:\gen_adders:3:rca_inst|                    ; 56 (0)              ; 0 (0)                     ; 0                 ; 0          ; 0    ; 0            ; |boothmul|RCA:\gen_adders:3:rca_inst                    ; RCA                    ; work         ;
;       |FA:\ADDER1:10:FAI|                          ; 3 (3)               ; 0 (0)                     ; 0                 ; 0          ; 0    ; 0            ; |boothmul|RCA:\gen_adders:3:rca_inst|FA:\ADDER1:10:FAI  ; FA                     ; work         ;
;       |FA:\ADDER1:11:FAI|                          ; 3 (3)               ; 0 (0)                     ; 0                 ; 0          ; 0    ; 0            ; |boothmul|RCA:\gen_adders:3:rca_inst|FA:\ADDER1:11:FAI  ; FA                     ; work         ;
;       |FA:\ADDER1:12:FAI|                          ; 3 (3)               ; 0 (0)                     ; 0                 ; 0          ; 0    ; 0            ; |boothmul|RCA:\gen_adders:3:rca_inst|FA:\ADDER1:12:FAI  ; FA                     ; work         ;
;       |FA:\ADDER1:13:FAI|                          ; 3 (3)               ; 0 (0)                     ; 0                 ; 0          ; 0    ; 0            ; |boothmul|RCA:\gen_adders:3:rca_inst|FA:\ADDER1:13:FAI  ; FA                     ; work         ;
;       |FA:\ADDER1:14:FAI|                          ; 3 (3)               ; 0 (0)                     ; 0                 ; 0          ; 0    ; 0            ; |boothmul|RCA:\gen_adders:3:rca_inst|FA:\ADDER1:14:FAI  ; FA                     ; work         ;
;       |FA:\ADDER1:15:FAI|                          ; 3 (3)               ; 0 (0)                     ; 0                 ; 0          ; 0    ; 0            ; |boothmul|RCA:\gen_adders:3:rca_inst|FA:\ADDER1:15:FAI  ; FA                     ; work         ;
;       |FA:\ADDER1:16:FAI|                          ; 3 (3)               ; 0 (0)                     ; 0                 ; 0          ; 0    ; 0            ; |boothmul|RCA:\gen_adders:3:rca_inst|FA:\ADDER1:16:FAI  ; FA                     ; work         ;
;       |FA:\ADDER1:17:FAI|                          ; 3 (3)               ; 0 (0)                     ; 0                 ; 0          ; 0    ; 0            ; |boothmul|RCA:\gen_adders:3:rca_inst|FA:\ADDER1:17:FAI  ; FA                     ; work         ;
;       |FA:\ADDER1:18:FAI|                          ; 3 (3)               ; 0 (0)                     ; 0                 ; 0          ; 0    ; 0            ; |boothmul|RCA:\gen_adders:3:rca_inst|FA:\ADDER1:18:FAI  ; FA                     ; work         ;
;       |FA:\ADDER1:19:FAI|                          ; 3 (3)               ; 0 (0)                     ; 0                 ; 0          ; 0    ; 0            ; |boothmul|RCA:\gen_adders:3:rca_inst|FA:\ADDER1:19:FAI  ; FA                     ; work         ;
;       |FA:\ADDER1:20:FAI|                          ; 3 (3)               ; 0 (0)                     ; 0                 ; 0          ; 0    ; 0            ; |boothmul|RCA:\gen_adders:3:rca_inst|FA:\ADDER1:20:FAI  ; FA                     ; work         ;
;       |FA:\ADDER1:21:FAI|                          ; 3 (3)               ; 0 (0)                     ; 0                 ; 0          ; 0    ; 0            ; |boothmul|RCA:\gen_adders:3:rca_inst|FA:\ADDER1:21:FAI  ; FA                     ; work         ;
;       |FA:\ADDER1:22:FAI|                          ; 3 (3)               ; 0 (0)                     ; 0                 ; 0          ; 0    ; 0            ; |boothmul|RCA:\gen_adders:3:rca_inst|FA:\ADDER1:22:FAI  ; FA                     ; work         ;
;       |FA:\ADDER1:23:FAI|                          ; 2 (2)               ; 0 (0)                     ; 0                 ; 0          ; 0    ; 0            ; |boothmul|RCA:\gen_adders:3:rca_inst|FA:\ADDER1:23:FAI  ; FA                     ; work         ;
;       |FA:\ADDER1:24:FAI|                          ; 2 (2)               ; 0 (0)                     ; 0                 ; 0          ; 0    ; 0            ; |boothmul|RCA:\gen_adders:3:rca_inst|FA:\ADDER1:24:FAI  ; FA                     ; work         ;
;       |FA:\ADDER1:25:FAI|                          ; 1 (1)               ; 0 (0)                     ; 0                 ; 0          ; 0    ; 0            ; |boothmul|RCA:\gen_adders:3:rca_inst|FA:\ADDER1:25:FAI  ; FA                     ; work         ;
;       |FA:\ADDER1:26:FAI|                          ; 1 (1)               ; 0 (0)                     ; 0                 ; 0          ; 0    ; 0            ; |boothmul|RCA:\gen_adders:3:rca_inst|FA:\ADDER1:26:FAI  ; FA                     ; work         ;
;       |FA:\ADDER1:27:FAI|                          ; 1 (1)               ; 0 (0)                     ; 0                 ; 0          ; 0    ; 0            ; |boothmul|RCA:\gen_adders:3:rca_inst|FA:\ADDER1:27:FAI  ; FA                     ; work         ;
;       |FA:\ADDER1:28:FAI|                          ; 2 (2)               ; 0 (0)                     ; 0                 ; 0          ; 0    ; 0            ; |boothmul|RCA:\gen_adders:3:rca_inst|FA:\ADDER1:28:FAI  ; FA                     ; work         ;
;       |FA:\ADDER1:29:FAI|                          ; 1 (1)               ; 0 (0)                     ; 0                 ; 0          ; 0    ; 0            ; |boothmul|RCA:\gen_adders:3:rca_inst|FA:\ADDER1:29:FAI  ; FA                     ; work         ;
;       |FA:\ADDER1:30:FAI|                          ; 1 (1)               ; 0 (0)                     ; 0                 ; 0          ; 0    ; 0            ; |boothmul|RCA:\gen_adders:3:rca_inst|FA:\ADDER1:30:FAI  ; FA                     ; work         ;
;       |FA:\ADDER1:31:FAI|                          ; 1 (1)               ; 0 (0)                     ; 0                 ; 0          ; 0    ; 0            ; |boothmul|RCA:\gen_adders:3:rca_inst|FA:\ADDER1:31:FAI  ; FA                     ; work         ;
;       |FA:\ADDER1:7:FAI|                           ; 2 (2)               ; 0 (0)                     ; 0                 ; 0          ; 0    ; 0            ; |boothmul|RCA:\gen_adders:3:rca_inst|FA:\ADDER1:7:FAI   ; FA                     ; work         ;
;       |FA:\ADDER1:8:FAI|                           ; 2 (2)               ; 0 (0)                     ; 0                 ; 0          ; 0    ; 0            ; |boothmul|RCA:\gen_adders:3:rca_inst|FA:\ADDER1:8:FAI   ; FA                     ; work         ;
;       |FA:\ADDER1:9:FAI|                           ; 1 (1)               ; 0 (0)                     ; 0                 ; 0          ; 0    ; 0            ; |boothmul|RCA:\gen_adders:3:rca_inst|FA:\ADDER1:9:FAI   ; FA                     ; work         ;
;    |RCA:\gen_adders:4:rca_inst|                    ; 39 (0)              ; 0 (0)                     ; 0                 ; 0          ; 0    ; 0            ; |boothmul|RCA:\gen_adders:4:rca_inst                    ; RCA                    ; work         ;
;       |FA:\ADDER1:10:FAI|                          ; 2 (2)               ; 0 (0)                     ; 0                 ; 0          ; 0    ; 0            ; |boothmul|RCA:\gen_adders:4:rca_inst|FA:\ADDER1:10:FAI  ; FA                     ; work         ;
;       |FA:\ADDER1:11:FAI|                          ; 2 (2)               ; 0 (0)                     ; 0                 ; 0          ; 0    ; 0            ; |boothmul|RCA:\gen_adders:4:rca_inst|FA:\ADDER1:11:FAI  ; FA                     ; work         ;
;       |FA:\ADDER1:12:FAI|                          ; 1 (1)               ; 0 (0)                     ; 0                 ; 0          ; 0    ; 0            ; |boothmul|RCA:\gen_adders:4:rca_inst|FA:\ADDER1:12:FAI  ; FA                     ; work         ;
;       |FA:\ADDER1:13:FAI|                          ; 2 (2)               ; 0 (0)                     ; 0                 ; 0          ; 0    ; 0            ; |boothmul|RCA:\gen_adders:4:rca_inst|FA:\ADDER1:13:FAI  ; FA                     ; work         ;
;       |FA:\ADDER1:14:FAI|                          ; 2 (2)               ; 0 (0)                     ; 0                 ; 0          ; 0    ; 0            ; |boothmul|RCA:\gen_adders:4:rca_inst|FA:\ADDER1:14:FAI  ; FA                     ; work         ;
;       |FA:\ADDER1:15:FAI|                          ; 2 (2)               ; 0 (0)                     ; 0                 ; 0          ; 0    ; 0            ; |boothmul|RCA:\gen_adders:4:rca_inst|FA:\ADDER1:15:FAI  ; FA                     ; work         ;
;       |FA:\ADDER1:16:FAI|                          ; 2 (2)               ; 0 (0)                     ; 0                 ; 0          ; 0    ; 0            ; |boothmul|RCA:\gen_adders:4:rca_inst|FA:\ADDER1:16:FAI  ; FA                     ; work         ;
;       |FA:\ADDER1:17:FAI|                          ; 2 (2)               ; 0 (0)                     ; 0                 ; 0          ; 0    ; 0            ; |boothmul|RCA:\gen_adders:4:rca_inst|FA:\ADDER1:17:FAI  ; FA                     ; work         ;
;       |FA:\ADDER1:18:FAI|                          ; 2 (2)               ; 0 (0)                     ; 0                 ; 0          ; 0    ; 0            ; |boothmul|RCA:\gen_adders:4:rca_inst|FA:\ADDER1:18:FAI  ; FA                     ; work         ;
;       |FA:\ADDER1:19:FAI|                          ; 2 (2)               ; 0 (0)                     ; 0                 ; 0          ; 0    ; 0            ; |boothmul|RCA:\gen_adders:4:rca_inst|FA:\ADDER1:19:FAI  ; FA                     ; work         ;
;       |FA:\ADDER1:20:FAI|                          ; 2 (2)               ; 0 (0)                     ; 0                 ; 0          ; 0    ; 0            ; |boothmul|RCA:\gen_adders:4:rca_inst|FA:\ADDER1:20:FAI  ; FA                     ; work         ;
;       |FA:\ADDER1:21:FAI|                          ; 2 (2)               ; 0 (0)                     ; 0                 ; 0          ; 0    ; 0            ; |boothmul|RCA:\gen_adders:4:rca_inst|FA:\ADDER1:21:FAI  ; FA                     ; work         ;
;       |FA:\ADDER1:22:FAI|                          ; 2 (2)               ; 0 (0)                     ; 0                 ; 0          ; 0    ; 0            ; |boothmul|RCA:\gen_adders:4:rca_inst|FA:\ADDER1:22:FAI  ; FA                     ; work         ;
;       |FA:\ADDER1:23:FAI|                          ; 2 (2)               ; 0 (0)                     ; 0                 ; 0          ; 0    ; 0            ; |boothmul|RCA:\gen_adders:4:rca_inst|FA:\ADDER1:23:FAI  ; FA                     ; work         ;
;       |FA:\ADDER1:24:FAI|                          ; 2 (2)               ; 0 (0)                     ; 0                 ; 0          ; 0    ; 0            ; |boothmul|RCA:\gen_adders:4:rca_inst|FA:\ADDER1:24:FAI  ; FA                     ; work         ;
;       |FA:\ADDER1:25:FAI|                          ; 1 (1)               ; 0 (0)                     ; 0                 ; 0          ; 0    ; 0            ; |boothmul|RCA:\gen_adders:4:rca_inst|FA:\ADDER1:25:FAI  ; FA                     ; work         ;
;       |FA:\ADDER1:26:FAI|                          ; 1 (1)               ; 0 (0)                     ; 0                 ; 0          ; 0    ; 0            ; |boothmul|RCA:\gen_adders:4:rca_inst|FA:\ADDER1:26:FAI  ; FA                     ; work         ;
;       |FA:\ADDER1:27:FAI|                          ; 1 (1)               ; 0 (0)                     ; 0                 ; 0          ; 0    ; 0            ; |boothmul|RCA:\gen_adders:4:rca_inst|FA:\ADDER1:27:FAI  ; FA                     ; work         ;
;       |FA:\ADDER1:28:FAI|                          ; 2 (2)               ; 0 (0)                     ; 0                 ; 0          ; 0    ; 0            ; |boothmul|RCA:\gen_adders:4:rca_inst|FA:\ADDER1:28:FAI  ; FA                     ; work         ;
;       |FA:\ADDER1:29:FAI|                          ; 1 (1)               ; 0 (0)                     ; 0                 ; 0          ; 0    ; 0            ; |boothmul|RCA:\gen_adders:4:rca_inst|FA:\ADDER1:29:FAI  ; FA                     ; work         ;
;       |FA:\ADDER1:30:FAI|                          ; 1 (1)               ; 0 (0)                     ; 0                 ; 0          ; 0    ; 0            ; |boothmul|RCA:\gen_adders:4:rca_inst|FA:\ADDER1:30:FAI  ; FA                     ; work         ;
;       |FA:\ADDER1:31:FAI|                          ; 1 (1)               ; 0 (0)                     ; 0                 ; 0          ; 0    ; 0            ; |boothmul|RCA:\gen_adders:4:rca_inst|FA:\ADDER1:31:FAI  ; FA                     ; work         ;
;       |FA:\ADDER1:9:FAI|                           ; 2 (2)               ; 0 (0)                     ; 0                 ; 0          ; 0    ; 0            ; |boothmul|RCA:\gen_adders:4:rca_inst|FA:\ADDER1:9:FAI   ; FA                     ; work         ;
;    |RCA:\gen_adders:5:rca_inst|                    ; 49 (0)              ; 0 (0)                     ; 0                 ; 0          ; 0    ; 0            ; |boothmul|RCA:\gen_adders:5:rca_inst                    ; RCA                    ; work         ;
;       |FA:\ADDER1:11:FAI|                          ; 1 (1)               ; 0 (0)                     ; 0                 ; 0          ; 0    ; 0            ; |boothmul|RCA:\gen_adders:5:rca_inst|FA:\ADDER1:11:FAI  ; FA                     ; work         ;
;       |FA:\ADDER1:12:FAI|                          ; 2 (2)               ; 0 (0)                     ; 0                 ; 0          ; 0    ; 0            ; |boothmul|RCA:\gen_adders:5:rca_inst|FA:\ADDER1:12:FAI  ; FA                     ; work         ;
;       |FA:\ADDER1:13:FAI|                          ; 1 (1)               ; 0 (0)                     ; 0                 ; 0          ; 0    ; 0            ; |boothmul|RCA:\gen_adders:5:rca_inst|FA:\ADDER1:13:FAI  ; FA                     ; work         ;
;       |FA:\ADDER1:14:FAI|                          ; 2 (2)               ; 0 (0)                     ; 0                 ; 0          ; 0    ; 0            ; |boothmul|RCA:\gen_adders:5:rca_inst|FA:\ADDER1:14:FAI  ; FA                     ; work         ;
;       |FA:\ADDER1:15:FAI|                          ; 3 (3)               ; 0 (0)                     ; 0                 ; 0          ; 0    ; 0            ; |boothmul|RCA:\gen_adders:5:rca_inst|FA:\ADDER1:15:FAI  ; FA                     ; work         ;
;       |FA:\ADDER1:16:FAI|                          ; 3 (3)               ; 0 (0)                     ; 0                 ; 0          ; 0    ; 0            ; |boothmul|RCA:\gen_adders:5:rca_inst|FA:\ADDER1:16:FAI  ; FA                     ; work         ;
;       |FA:\ADDER1:17:FAI|                          ; 3 (3)               ; 0 (0)                     ; 0                 ; 0          ; 0    ; 0            ; |boothmul|RCA:\gen_adders:5:rca_inst|FA:\ADDER1:17:FAI  ; FA                     ; work         ;
;       |FA:\ADDER1:18:FAI|                          ; 3 (3)               ; 0 (0)                     ; 0                 ; 0          ; 0    ; 0            ; |boothmul|RCA:\gen_adders:5:rca_inst|FA:\ADDER1:18:FAI  ; FA                     ; work         ;
;       |FA:\ADDER1:19:FAI|                          ; 3 (3)               ; 0 (0)                     ; 0                 ; 0          ; 0    ; 0            ; |boothmul|RCA:\gen_adders:5:rca_inst|FA:\ADDER1:19:FAI  ; FA                     ; work         ;
;       |FA:\ADDER1:20:FAI|                          ; 3 (3)               ; 0 (0)                     ; 0                 ; 0          ; 0    ; 0            ; |boothmul|RCA:\gen_adders:5:rca_inst|FA:\ADDER1:20:FAI  ; FA                     ; work         ;
;       |FA:\ADDER1:21:FAI|                          ; 3 (3)               ; 0 (0)                     ; 0                 ; 0          ; 0    ; 0            ; |boothmul|RCA:\gen_adders:5:rca_inst|FA:\ADDER1:21:FAI  ; FA                     ; work         ;
;       |FA:\ADDER1:22:FAI|                          ; 3 (3)               ; 0 (0)                     ; 0                 ; 0          ; 0    ; 0            ; |boothmul|RCA:\gen_adders:5:rca_inst|FA:\ADDER1:22:FAI  ; FA                     ; work         ;
;       |FA:\ADDER1:23:FAI|                          ; 3 (3)               ; 0 (0)                     ; 0                 ; 0          ; 0    ; 0            ; |boothmul|RCA:\gen_adders:5:rca_inst|FA:\ADDER1:23:FAI  ; FA                     ; work         ;
;       |FA:\ADDER1:24:FAI|                          ; 3 (3)               ; 0 (0)                     ; 0                 ; 0          ; 0    ; 0            ; |boothmul|RCA:\gen_adders:5:rca_inst|FA:\ADDER1:24:FAI  ; FA                     ; work         ;
;       |FA:\ADDER1:25:FAI|                          ; 3 (3)               ; 0 (0)                     ; 0                 ; 0          ; 0    ; 0            ; |boothmul|RCA:\gen_adders:5:rca_inst|FA:\ADDER1:25:FAI  ; FA                     ; work         ;
;       |FA:\ADDER1:26:FAI|                          ; 3 (3)               ; 0 (0)                     ; 0                 ; 0          ; 0    ; 0            ; |boothmul|RCA:\gen_adders:5:rca_inst|FA:\ADDER1:26:FAI  ; FA                     ; work         ;
;       |FA:\ADDER1:27:FAI|                          ; 2 (2)               ; 0 (0)                     ; 0                 ; 0          ; 0    ; 0            ; |boothmul|RCA:\gen_adders:5:rca_inst|FA:\ADDER1:27:FAI  ; FA                     ; work         ;
;       |FA:\ADDER1:28:FAI|                          ; 2 (2)               ; 0 (0)                     ; 0                 ; 0          ; 0    ; 0            ; |boothmul|RCA:\gen_adders:5:rca_inst|FA:\ADDER1:28:FAI  ; FA                     ; work         ;
;       |FA:\ADDER1:29:FAI|                          ; 1 (1)               ; 0 (0)                     ; 0                 ; 0          ; 0    ; 0            ; |boothmul|RCA:\gen_adders:5:rca_inst|FA:\ADDER1:29:FAI  ; FA                     ; work         ;
;       |FA:\ADDER1:30:FAI|                          ; 1 (1)               ; 0 (0)                     ; 0                 ; 0          ; 0    ; 0            ; |boothmul|RCA:\gen_adders:5:rca_inst|FA:\ADDER1:30:FAI  ; FA                     ; work         ;
;       |FA:\ADDER1:31:FAI|                          ; 1 (1)               ; 0 (0)                     ; 0                 ; 0          ; 0    ; 0            ; |boothmul|RCA:\gen_adders:5:rca_inst|FA:\ADDER1:31:FAI  ; FA                     ; work         ;
;    |RCA:\gen_adders:6:rca_inst|                    ; 48 (0)              ; 0 (0)                     ; 0                 ; 0          ; 0    ; 0            ; |boothmul|RCA:\gen_adders:6:rca_inst                    ; RCA                    ; work         ;
;       |FA:\ADDER1:13:FAI|                          ; 2 (2)               ; 0 (0)                     ; 0                 ; 0          ; 0    ; 0            ; |boothmul|RCA:\gen_adders:6:rca_inst|FA:\ADDER1:13:FAI  ; FA                     ; work         ;
;       |FA:\ADDER1:14:FAI|                          ; 2 (2)               ; 0 (0)                     ; 0                 ; 0          ; 0    ; 0            ; |boothmul|RCA:\gen_adders:6:rca_inst|FA:\ADDER1:14:FAI  ; FA                     ; work         ;
;       |FA:\ADDER1:15:FAI|                          ; 1 (1)               ; 0 (0)                     ; 0                 ; 0          ; 0    ; 0            ; |boothmul|RCA:\gen_adders:6:rca_inst|FA:\ADDER1:15:FAI  ; FA                     ; work         ;
;       |FA:\ADDER1:16:FAI|                          ; 3 (3)               ; 0 (0)                     ; 0                 ; 0          ; 0    ; 0            ; |boothmul|RCA:\gen_adders:6:rca_inst|FA:\ADDER1:16:FAI  ; FA                     ; work         ;
;       |FA:\ADDER1:17:FAI|                          ; 3 (3)               ; 0 (0)                     ; 0                 ; 0          ; 0    ; 0            ; |boothmul|RCA:\gen_adders:6:rca_inst|FA:\ADDER1:17:FAI  ; FA                     ; work         ;
;       |FA:\ADDER1:18:FAI|                          ; 3 (3)               ; 0 (0)                     ; 0                 ; 0          ; 0    ; 0            ; |boothmul|RCA:\gen_adders:6:rca_inst|FA:\ADDER1:18:FAI  ; FA                     ; work         ;
;       |FA:\ADDER1:19:FAI|                          ; 3 (3)               ; 0 (0)                     ; 0                 ; 0          ; 0    ; 0            ; |boothmul|RCA:\gen_adders:6:rca_inst|FA:\ADDER1:19:FAI  ; FA                     ; work         ;
;       |FA:\ADDER1:20:FAI|                          ; 3 (3)               ; 0 (0)                     ; 0                 ; 0          ; 0    ; 0            ; |boothmul|RCA:\gen_adders:6:rca_inst|FA:\ADDER1:20:FAI  ; FA                     ; work         ;
;       |FA:\ADDER1:21:FAI|                          ; 3 (3)               ; 0 (0)                     ; 0                 ; 0          ; 0    ; 0            ; |boothmul|RCA:\gen_adders:6:rca_inst|FA:\ADDER1:21:FAI  ; FA                     ; work         ;
;       |FA:\ADDER1:22:FAI|                          ; 3 (3)               ; 0 (0)                     ; 0                 ; 0          ; 0    ; 0            ; |boothmul|RCA:\gen_adders:6:rca_inst|FA:\ADDER1:22:FAI  ; FA                     ; work         ;
;       |FA:\ADDER1:23:FAI|                          ; 3 (3)               ; 0 (0)                     ; 0                 ; 0          ; 0    ; 0            ; |boothmul|RCA:\gen_adders:6:rca_inst|FA:\ADDER1:23:FAI  ; FA                     ; work         ;
;       |FA:\ADDER1:24:FAI|                          ; 3 (3)               ; 0 (0)                     ; 0                 ; 0          ; 0    ; 0            ; |boothmul|RCA:\gen_adders:6:rca_inst|FA:\ADDER1:24:FAI  ; FA                     ; work         ;
;       |FA:\ADDER1:25:FAI|                          ; 3 (3)               ; 0 (0)                     ; 0                 ; 0          ; 0    ; 0            ; |boothmul|RCA:\gen_adders:6:rca_inst|FA:\ADDER1:25:FAI  ; FA                     ; work         ;
;       |FA:\ADDER1:26:FAI|                          ; 3 (3)               ; 0 (0)                     ; 0                 ; 0          ; 0    ; 0            ; |boothmul|RCA:\gen_adders:6:rca_inst|FA:\ADDER1:26:FAI  ; FA                     ; work         ;
;       |FA:\ADDER1:27:FAI|                          ; 3 (3)               ; 0 (0)                     ; 0                 ; 0          ; 0    ; 0            ; |boothmul|RCA:\gen_adders:6:rca_inst|FA:\ADDER1:27:FAI  ; FA                     ; work         ;
;       |FA:\ADDER1:28:FAI|                          ; 3 (3)               ; 0 (0)                     ; 0                 ; 0          ; 0    ; 0            ; |boothmul|RCA:\gen_adders:6:rca_inst|FA:\ADDER1:28:FAI  ; FA                     ; work         ;
;       |FA:\ADDER1:29:FAI|                          ; 2 (2)               ; 0 (0)                     ; 0                 ; 0          ; 0    ; 0            ; |boothmul|RCA:\gen_adders:6:rca_inst|FA:\ADDER1:29:FAI  ; FA                     ; work         ;
;       |FA:\ADDER1:30:FAI|                          ; 1 (1)               ; 0 (0)                     ; 0                 ; 0          ; 0    ; 0            ; |boothmul|RCA:\gen_adders:6:rca_inst|FA:\ADDER1:30:FAI  ; FA                     ; work         ;
;       |FA:\ADDER1:31:FAI|                          ; 1 (1)               ; 0 (0)                     ; 0                 ; 0          ; 0    ; 0            ; |boothmul|RCA:\gen_adders:6:rca_inst|FA:\ADDER1:31:FAI  ; FA                     ; work         ;
;    |RCA:\gen_adders:7:rca_inst|                    ; 39 (0)              ; 0 (0)                     ; 0                 ; 0          ; 0    ; 0            ; |boothmul|RCA:\gen_adders:7:rca_inst                    ; RCA                    ; work         ;
;       |FA:\ADDER1:15:FAI|                          ; 2 (2)               ; 0 (0)                     ; 0                 ; 0          ; 0    ; 0            ; |boothmul|RCA:\gen_adders:7:rca_inst|FA:\ADDER1:15:FAI  ; FA                     ; work         ;
;       |FA:\ADDER1:16:FAI|                          ; 2 (2)               ; 0 (0)                     ; 0                 ; 0          ; 0    ; 0            ; |boothmul|RCA:\gen_adders:7:rca_inst|FA:\ADDER1:16:FAI  ; FA                     ; work         ;
;       |FA:\ADDER1:17:FAI|                          ; 2 (2)               ; 0 (0)                     ; 0                 ; 0          ; 0    ; 0            ; |boothmul|RCA:\gen_adders:7:rca_inst|FA:\ADDER1:17:FAI  ; FA                     ; work         ;
;       |FA:\ADDER1:18:FAI|                          ; 2 (2)               ; 0 (0)                     ; 0                 ; 0          ; 0    ; 0            ; |boothmul|RCA:\gen_adders:7:rca_inst|FA:\ADDER1:18:FAI  ; FA                     ; work         ;
;       |FA:\ADDER1:19:FAI|                          ; 2 (2)               ; 0 (0)                     ; 0                 ; 0          ; 0    ; 0            ; |boothmul|RCA:\gen_adders:7:rca_inst|FA:\ADDER1:19:FAI  ; FA                     ; work         ;
;       |FA:\ADDER1:20:FAI|                          ; 2 (2)               ; 0 (0)                     ; 0                 ; 0          ; 0    ; 0            ; |boothmul|RCA:\gen_adders:7:rca_inst|FA:\ADDER1:20:FAI  ; FA                     ; work         ;
;       |FA:\ADDER1:21:FAI|                          ; 2 (2)               ; 0 (0)                     ; 0                 ; 0          ; 0    ; 0            ; |boothmul|RCA:\gen_adders:7:rca_inst|FA:\ADDER1:21:FAI  ; FA                     ; work         ;
;       |FA:\ADDER1:22:FAI|                          ; 2 (2)               ; 0 (0)                     ; 0                 ; 0          ; 0    ; 0            ; |boothmul|RCA:\gen_adders:7:rca_inst|FA:\ADDER1:22:FAI  ; FA                     ; work         ;
;       |FA:\ADDER1:23:FAI|                          ; 2 (2)               ; 0 (0)                     ; 0                 ; 0          ; 0    ; 0            ; |boothmul|RCA:\gen_adders:7:rca_inst|FA:\ADDER1:23:FAI  ; FA                     ; work         ;
;       |FA:\ADDER1:24:FAI|                          ; 2 (2)               ; 0 (0)                     ; 0                 ; 0          ; 0    ; 0            ; |boothmul|RCA:\gen_adders:7:rca_inst|FA:\ADDER1:24:FAI  ; FA                     ; work         ;
;       |FA:\ADDER1:25:FAI|                          ; 2 (2)               ; 0 (0)                     ; 0                 ; 0          ; 0    ; 0            ; |boothmul|RCA:\gen_adders:7:rca_inst|FA:\ADDER1:25:FAI  ; FA                     ; work         ;
;       |FA:\ADDER1:26:FAI|                          ; 2 (2)               ; 0 (0)                     ; 0                 ; 0          ; 0    ; 0            ; |boothmul|RCA:\gen_adders:7:rca_inst|FA:\ADDER1:26:FAI  ; FA                     ; work         ;
;       |FA:\ADDER1:27:FAI|                          ; 2 (2)               ; 0 (0)                     ; 0                 ; 0          ; 0    ; 0            ; |boothmul|RCA:\gen_adders:7:rca_inst|FA:\ADDER1:27:FAI  ; FA                     ; work         ;
;       |FA:\ADDER1:28:FAI|                          ; 2 (2)               ; 0 (0)                     ; 0                 ; 0          ; 0    ; 0            ; |boothmul|RCA:\gen_adders:7:rca_inst|FA:\ADDER1:28:FAI  ; FA                     ; work         ;
;       |FA:\ADDER1:29:FAI|                          ; 2 (2)               ; 0 (0)                     ; 0                 ; 0          ; 0    ; 0            ; |boothmul|RCA:\gen_adders:7:rca_inst|FA:\ADDER1:29:FAI  ; FA                     ; work         ;
;       |FA:\ADDER1:30:FAI|                          ; 1 (1)               ; 0 (0)                     ; 0                 ; 0          ; 0    ; 0            ; |boothmul|RCA:\gen_adders:7:rca_inst|FA:\ADDER1:30:FAI  ; FA                     ; work         ;
;       |FA:\ADDER1:31:FAI|                          ; 1 (1)               ; 0 (0)                     ; 0                 ; 0          ; 0    ; 0            ; |boothmul|RCA:\gen_adders:7:rca_inst|FA:\ADDER1:31:FAI  ; FA                     ; work         ;
;       |FA:\ADDER1:32:FAI|                          ; 7 (7)               ; 0 (0)                     ; 0                 ; 0          ; 0    ; 0            ; |boothmul|RCA:\gen_adders:7:rca_inst|FA:\ADDER1:32:FAI  ; FA                     ; work         ;
;    |booth_encoder_selector:\gen_pp:0:encoder_inst| ; 52 (52)             ; 0 (0)                     ; 0                 ; 0          ; 0    ; 0            ; |boothmul|booth_encoder_selector:\gen_pp:0:encoder_inst ; booth_encoder_selector ; work         ;
;    |booth_encoder_selector:\gen_pp:1:encoder_inst| ; 17 (17)             ; 0 (0)                     ; 0                 ; 0          ; 0    ; 0            ; |boothmul|booth_encoder_selector:\gen_pp:1:encoder_inst ; booth_encoder_selector ; work         ;
;    |booth_encoder_selector:\gen_pp:2:encoder_inst| ; 17 (17)             ; 0 (0)                     ; 0                 ; 0          ; 0    ; 0            ; |boothmul|booth_encoder_selector:\gen_pp:2:encoder_inst ; booth_encoder_selector ; work         ;
;    |booth_encoder_selector:\gen_pp:3:encoder_inst| ; 17 (17)             ; 0 (0)                     ; 0                 ; 0          ; 0    ; 0            ; |boothmul|booth_encoder_selector:\gen_pp:3:encoder_inst ; booth_encoder_selector ; work         ;
;    |booth_encoder_selector:\gen_pp:4:encoder_inst| ; 17 (17)             ; 0 (0)                     ; 0                 ; 0          ; 0    ; 0            ; |boothmul|booth_encoder_selector:\gen_pp:4:encoder_inst ; booth_encoder_selector ; work         ;
;    |booth_encoder_selector:\gen_pp:5:encoder_inst| ; 17 (17)             ; 0 (0)                     ; 0                 ; 0          ; 0    ; 0            ; |boothmul|booth_encoder_selector:\gen_pp:5:encoder_inst ; booth_encoder_selector ; work         ;
;    |booth_encoder_selector:\gen_pp:6:encoder_inst| ; 17 (17)             ; 0 (0)                     ; 0                 ; 0          ; 0    ; 0            ; |boothmul|booth_encoder_selector:\gen_pp:6:encoder_inst ; booth_encoder_selector ; work         ;
;    |booth_encoder_selector:\gen_pp:7:encoder_inst| ; 17 (17)             ; 0 (0)                     ; 0                 ; 0          ; 0    ; 0            ; |boothmul|booth_encoder_selector:\gen_pp:7:encoder_inst ; booth_encoder_selector ; work         ;
+----------------------------------------------------+---------------------+---------------------------+-------------------+------------+------+--------------+---------------------------------------------------------+------------------------+--------------+
Note: For table entries with two numbers listed, the numbers in parentheses indicate the number of resources of the given type used by the specific entity alone. The numbers listed outside of parentheses indicate the total resources of the given type used by the specific entity and all of its sub-entities in the hierarchy.


+------------------------------------------------------+
; General Register Statistics                          ;
+----------------------------------------------+-------+
; Statistic                                    ; Value ;
+----------------------------------------------+-------+
; Total registers                              ; 0     ;
; Number of registers using Synchronous Clear  ; 0     ;
; Number of registers using Synchronous Load   ; 0     ;
; Number of registers using Asynchronous Clear ; 0     ;
; Number of registers using Asynchronous Load  ; 0     ;
; Number of registers using Clock Enable       ; 0     ;
; Number of registers using Preset             ; 0     ;
+----------------------------------------------+-------+


+-----------------------------------------------------------------------------------------------------------------------------------------------------------------------------+
; Multiplexer Restructuring Statistics (Restructuring Performed)                                                                                                              ;
+--------------------+-----------+---------------+----------------------+------------------------+------------+---------------------------------------------------------------+
; Multiplexer Inputs ; Bus Width ; Baseline Area ; Area if Restructured ; Saving if Restructured ; Registered ; Example Multiplexer Output                                    ;
+--------------------+-----------+---------------+----------------------+------------------------+------------+---------------------------------------------------------------+
; 4:1                ; 16 bits   ; 32 LEs        ; 32 LEs               ; 0 LEs                  ; No         ; |boothmul|booth_encoder_selector:\gen_pp:0:encoder_inst|Mux15 ;
; 6:1                ; 15 bits   ; 60 LEs        ; 60 LEs               ; 0 LEs                  ; No         ; |boothmul|booth_encoder_selector:\gen_pp:1:encoder_inst|Mux15 ;
; 6:1                ; 14 bits   ; 56 LEs        ; 56 LEs               ; 0 LEs                  ; No         ; |boothmul|booth_encoder_selector:\gen_pp:2:encoder_inst|Mux12 ;
; 6:1                ; 14 bits   ; 56 LEs        ; 56 LEs               ; 0 LEs                  ; No         ; |boothmul|booth_encoder_selector:\gen_pp:4:encoder_inst|Mux12 ;
; 6:1                ; 14 bits   ; 56 LEs        ; 56 LEs               ; 0 LEs                  ; No         ; |boothmul|booth_encoder_selector:\gen_pp:6:encoder_inst|Mux4  ;
; 8:1                ; 14 bits   ; 70 LEs        ; 56 LEs               ; 14 LEs                 ; No         ; |boothmul|booth_encoder_selector:\gen_pp:3:encoder_inst|Mux9  ;
; 8:1                ; 14 bits   ; 70 LEs        ; 56 LEs               ; 14 LEs                 ; No         ; |boothmul|booth_encoder_selector:\gen_pp:5:encoder_inst|Mux2  ;
; 8:1                ; 14 bits   ; 70 LEs        ; 56 LEs               ; 14 LEs                 ; No         ; |boothmul|booth_encoder_selector:\gen_pp:7:encoder_inst|Mux8  ;
+--------------------+-----------+---------------+----------------------+------------------------+------------+---------------------------------------------------------------+


+--------------------------------------------------------------------------+
; Parameter Settings for User Entity Instance: Top-level Entity: |boothmul ;
+----------------+-------+-------------------------------------------------+
; Parameter Name ; Value ; Type                                            ;
+----------------+-------+-------------------------------------------------+
; NBIT           ; 16    ; Signed Integer                                  ;
+----------------+-------+-------------------------------------------------+
Note: In order to hide this table in the UI and the text report file, please set the "Show Parameter Settings in Synthesis Report" option in "Analysis and Synthesis Settings -> More Settings" to "Off".


+--------------------------------------------------------------------------------------------+
; Parameter Settings for User Entity Instance: booth_encoder_selector:\gen_pp:0:encoder_inst ;
+----------------+-------+-------------------------------------------------------------------+
; Parameter Name ; Value ; Type                                                              ;
+----------------+-------+-------------------------------------------------------------------+
; nbit           ; 16    ; Signed Integer                                                    ;
+----------------+-------+-------------------------------------------------------------------+
Note: In order to hide this table in the UI and the text report file, please set the "Show Parameter Settings in Synthesis Report" option in "Analysis and Synthesis Settings -> More Settings" to "Off".


+--------------------------------------------------------------------------------------------+
; Parameter Settings for User Entity Instance: booth_encoder_selector:\gen_pp:1:encoder_inst ;
+----------------+-------+-------------------------------------------------------------------+
; Parameter Name ; Value ; Type                                                              ;
+----------------+-------+-------------------------------------------------------------------+
; nbit           ; 16    ; Signed Integer                                                    ;
+----------------+-------+-------------------------------------------------------------------+
Note: In order to hide this table in the UI and the text report file, please set the "Show Parameter Settings in Synthesis Report" option in "Analysis and Synthesis Settings -> More Settings" to "Off".


+--------------------------------------------------------------------------------------------+
; Parameter Settings for User Entity Instance: booth_encoder_selector:\gen_pp:2:encoder_inst ;
+----------------+-------+-------------------------------------------------------------------+
; Parameter Name ; Value ; Type                                                              ;
+----------------+-------+-------------------------------------------------------------------+
; nbit           ; 16    ; Signed Integer                                                    ;
+----------------+-------+-------------------------------------------------------------------+
Note: In order to hide this table in the UI and the text report file, please set the "Show Parameter Settings in Synthesis Report" option in "Analysis and Synthesis Settings -> More Settings" to "Off".


+--------------------------------------------------------------------------------------------+
; Parameter Settings for User Entity Instance: booth_encoder_selector:\gen_pp:3:encoder_inst ;
+----------------+-------+-------------------------------------------------------------------+
; Parameter Name ; Value ; Type                                                              ;
+----------------+-------+-------------------------------------------------------------------+
; nbit           ; 16    ; Signed Integer                                                    ;
+----------------+-------+-------------------------------------------------------------------+
Note: In order to hide this table in the UI and the text report file, please set the "Show Parameter Settings in Synthesis Report" option in "Analysis and Synthesis Settings -> More Settings" to "Off".


+--------------------------------------------------------------------------------------------+
; Parameter Settings for User Entity Instance: booth_encoder_selector:\gen_pp:4:encoder_inst ;
+----------------+-------+-------------------------------------------------------------------+
; Parameter Name ; Value ; Type                                                              ;
+----------------+-------+-------------------------------------------------------------------+
; nbit           ; 16    ; Signed Integer                                                    ;
+----------------+-------+-------------------------------------------------------------------+
Note: In order to hide this table in the UI and the text report file, please set the "Show Parameter Settings in Synthesis Report" option in "Analysis and Synthesis Settings -> More Settings" to "Off".


+--------------------------------------------------------------------------------------------+
; Parameter Settings for User Entity Instance: booth_encoder_selector:\gen_pp:5:encoder_inst ;
+----------------+-------+-------------------------------------------------------------------+
; Parameter Name ; Value ; Type                                                              ;
+----------------+-------+-------------------------------------------------------------------+
; nbit           ; 16    ; Signed Integer                                                    ;
+----------------+-------+-------------------------------------------------------------------+
Note: In order to hide this table in the UI and the text report file, please set the "Show Parameter Settings in Synthesis Report" option in "Analysis and Synthesis Settings -> More Settings" to "Off".


+--------------------------------------------------------------------------------------------+
; Parameter Settings for User Entity Instance: booth_encoder_selector:\gen_pp:6:encoder_inst ;
+----------------+-------+-------------------------------------------------------------------+
; Parameter Name ; Value ; Type                                                              ;
+----------------+-------+-------------------------------------------------------------------+
; nbit           ; 16    ; Signed Integer                                                    ;
+----------------+-------+-------------------------------------------------------------------+
Note: In order to hide this table in the UI and the text report file, please set the "Show Parameter Settings in Synthesis Report" option in "Analysis and Synthesis Settings -> More Settings" to "Off".


+--------------------------------------------------------------------------------------------+
; Parameter Settings for User Entity Instance: booth_encoder_selector:\gen_pp:7:encoder_inst ;
+----------------+-------+-------------------------------------------------------------------+
; Parameter Name ; Value ; Type                                                              ;
+----------------+-------+-------------------------------------------------------------------+
; nbit           ; 16    ; Signed Integer                                                    ;
+----------------+-------+-------------------------------------------------------------------+
Note: In order to hide this table in the UI and the text report file, please set the "Show Parameter Settings in Synthesis Report" option in "Analysis and Synthesis Settings -> More Settings" to "Off".


+-------------------------------------------------------------------------+
; Parameter Settings for User Entity Instance: RCA:\gen_adders:1:rca_inst ;
+----------------+-------+------------------------------------------------+
; Parameter Name ; Value ; Type                                           ;
+----------------+-------+------------------------------------------------+
; nbit           ; 32    ; Signed Integer                                 ;
+----------------+-------+------------------------------------------------+
Note: In order to hide this table in the UI and the text report file, please set the "Show Parameter Settings in Synthesis Report" option in "Analysis and Synthesis Settings -> More Settings" to "Off".


+-------------------------------------------------------------------------+
; Parameter Settings for User Entity Instance: RCA:\gen_adders:2:rca_inst ;
+----------------+-------+------------------------------------------------+
; Parameter Name ; Value ; Type                                           ;
+----------------+-------+------------------------------------------------+
; nbit           ; 32    ; Signed Integer                                 ;
+----------------+-------+------------------------------------------------+
Note: In order to hide this table in the UI and the text report file, please set the "Show Parameter Settings in Synthesis Report" option in "Analysis and Synthesis Settings -> More Settings" to "Off".


+-------------------------------------------------------------------------+
; Parameter Settings for User Entity Instance: RCA:\gen_adders:3:rca_inst ;
+----------------+-------+------------------------------------------------+
; Parameter Name ; Value ; Type                                           ;
+----------------+-------+------------------------------------------------+
; nbit           ; 32    ; Signed Integer                                 ;
+----------------+-------+------------------------------------------------+
Note: In order to hide this table in the UI and the text report file, please set the "Show Parameter Settings in Synthesis Report" option in "Analysis and Synthesis Settings -> More Settings" to "Off".


+-------------------------------------------------------------------------+
; Parameter Settings for User Entity Instance: RCA:\gen_adders:4:rca_inst ;
+----------------+-------+------------------------------------------------+
; Parameter Name ; Value ; Type                                           ;
+----------------+-------+------------------------------------------------+
; nbit           ; 32    ; Signed Integer                                 ;
+----------------+-------+------------------------------------------------+
Note: In order to hide this table in the UI and the text report file, please set the "Show Parameter Settings in Synthesis Report" option in "Analysis and Synthesis Settings -> More Settings" to "Off".


+-------------------------------------------------------------------------+
; Parameter Settings for User Entity Instance: RCA:\gen_adders:5:rca_inst ;
+----------------+-------+------------------------------------------------+
; Parameter Name ; Value ; Type                                           ;
+----------------+-------+------------------------------------------------+
; nbit           ; 32    ; Signed Integer                                 ;
+----------------+-------+------------------------------------------------+
Note: In order to hide this table in the UI and the text report file, please set the "Show Parameter Settings in Synthesis Report" option in "Analysis and Synthesis Settings -> More Settings" to "Off".


+-------------------------------------------------------------------------+
; Parameter Settings for User Entity Instance: RCA:\gen_adders:6:rca_inst ;
+----------------+-------+------------------------------------------------+
; Parameter Name ; Value ; Type                                           ;
+----------------+-------+------------------------------------------------+
; nbit           ; 32    ; Signed Integer                                 ;
+----------------+-------+------------------------------------------------+
Note: In order to hide this table in the UI and the text report file, please set the "Show Parameter Settings in Synthesis Report" option in "Analysis and Synthesis Settings -> More Settings" to "Off".


+-------------------------------------------------------------------------+
; Parameter Settings for User Entity Instance: RCA:\gen_adders:7:rca_inst ;
+----------------+-------+------------------------------------------------+
; Parameter Name ; Value ; Type                                           ;
+----------------+-------+------------------------------------------------+
; nbit           ; 32    ; Signed Integer                                 ;
+----------------+-------+------------------------------------------------+
Note: In order to hide this table in the UI and the text report file, please set the "Show Parameter Settings in Synthesis Report" option in "Analysis and Synthesis Settings -> More Settings" to "Off".


+--------------------------------------------------------------------------------------------------------------------+
; Port Connectivity Checks: "RCA:\gen_adders:7:rca_inst"                                                             ;
+----------+--------+----------+-------------------------------------------------------------------------------------+
; Port     ; Type   ; Severity ; Details                                                                             ;
+----------+--------+----------+-------------------------------------------------------------------------------------+
; b[13..0] ; Input  ; Info     ; Stuck at GND                                                                        ;
; ci       ; Input  ; Info     ; Stuck at GND                                                                        ;
; co       ; Output ; Info     ; Connected to dangling logic. Logic that only feeds a dangling port will be removed. ;
+----------+--------+----------+-------------------------------------------------------------------------------------+


+--------------------------------------------------------------------------------------------------------------------+
; Port Connectivity Checks: "RCA:\gen_adders:6:rca_inst"                                                             ;
+----------+--------+----------+-------------------------------------------------------------------------------------+
; Port     ; Type   ; Severity ; Details                                                                             ;
+----------+--------+----------+-------------------------------------------------------------------------------------+
; b[11..0] ; Input  ; Info     ; Stuck at GND                                                                        ;
; ci       ; Input  ; Info     ; Stuck at GND                                                                        ;
; co       ; Output ; Info     ; Connected to dangling logic. Logic that only feeds a dangling port will be removed. ;
+----------+--------+----------+-------------------------------------------------------------------------------------+


+-------------------------------------------------------------------------------------------------------------------+
; Port Connectivity Checks: "RCA:\gen_adders:5:rca_inst"                                                            ;
+---------+--------+----------+-------------------------------------------------------------------------------------+
; Port    ; Type   ; Severity ; Details                                                                             ;
+---------+--------+----------+-------------------------------------------------------------------------------------+
; b[9..0] ; Input  ; Info     ; Stuck at GND                                                                        ;
; ci      ; Input  ; Info     ; Stuck at GND                                                                        ;
; co      ; Output ; Info     ; Connected to dangling logic. Logic that only feeds a dangling port will be removed. ;
+---------+--------+----------+-------------------------------------------------------------------------------------+


+-------------------------------------------------------------------------------------------------------------------+
; Port Connectivity Checks: "RCA:\gen_adders:4:rca_inst"                                                            ;
+---------+--------+----------+-------------------------------------------------------------------------------------+
; Port    ; Type   ; Severity ; Details                                                                             ;
+---------+--------+----------+-------------------------------------------------------------------------------------+
; b[7..0] ; Input  ; Info     ; Stuck at GND                                                                        ;
; ci      ; Input  ; Info     ; Stuck at GND                                                                        ;
; co      ; Output ; Info     ; Connected to dangling logic. Logic that only feeds a dangling port will be removed. ;
+---------+--------+----------+-------------------------------------------------------------------------------------+


+-------------------------------------------------------------------------------------------------------------------+
; Port Connectivity Checks: "RCA:\gen_adders:3:rca_inst"                                                            ;
+---------+--------+----------+-------------------------------------------------------------------------------------+
; Port    ; Type   ; Severity ; Details                                                                             ;
+---------+--------+----------+-------------------------------------------------------------------------------------+
; b[5..0] ; Input  ; Info     ; Stuck at GND                                                                        ;
; ci      ; Input  ; Info     ; Stuck at GND                                                                        ;
; co      ; Output ; Info     ; Connected to dangling logic. Logic that only feeds a dangling port will be removed. ;
+---------+--------+----------+-------------------------------------------------------------------------------------+


+-------------------------------------------------------------------------------------------------------------------+
; Port Connectivity Checks: "RCA:\gen_adders:2:rca_inst"                                                            ;
+---------+--------+----------+-------------------------------------------------------------------------------------+
; Port    ; Type   ; Severity ; Details                                                                             ;
+---------+--------+----------+-------------------------------------------------------------------------------------+
; b[3..0] ; Input  ; Info     ; Stuck at GND                                                                        ;
; ci      ; Input  ; Info     ; Stuck at GND                                                                        ;
; co      ; Output ; Info     ; Connected to dangling logic. Logic that only feeds a dangling port will be removed. ;
+---------+--------+----------+-------------------------------------------------------------------------------------+


+-------------------------------------------------------------------------------------------------------------------+
; Port Connectivity Checks: "RCA:\gen_adders:1:rca_inst"                                                            ;
+---------+--------+----------+-------------------------------------------------------------------------------------+
; Port    ; Type   ; Severity ; Details                                                                             ;
+---------+--------+----------+-------------------------------------------------------------------------------------+
; b[1..0] ; Input  ; Info     ; Stuck at GND                                                                        ;
; ci      ; Input  ; Info     ; Stuck at GND                                                                        ;
; co      ; Output ; Info     ; Connected to dangling logic. Logic that only feeds a dangling port will be removed. ;
+---------+--------+----------+-------------------------------------------------------------------------------------+


+---------------------------------------------------------------------------+
; Port Connectivity Checks: "booth_encoder_selector:\gen_pp:0:encoder_inst" ;
+------+-------+----------+-------------------------------------------------+
; Port ; Type  ; Severity ; Details                                         ;
+------+-------+----------+-------------------------------------------------+
; b[0] ; Input ; Info     ; Stuck at GND                                    ;
+------+-------+----------+-------------------------------------------------+


+-----------------------------------------------------+
; Post-Synthesis Netlist Statistics for Top Partition ;
+-----------------------+-----------------------------+
; Type                  ; Count                       ;
+-----------------------+-----------------------------+
; arriav_lcell_comb     ; 500                         ;
;     arith             ; 33                          ;
;         1 data inputs ; 33                          ;
;     extend            ; 105                         ;
;         7 data inputs ; 105                         ;
;     normal            ; 362                         ;
;         2 data inputs ; 23                          ;
;         3 data inputs ; 32                          ;
;         4 data inputs ; 37                          ;
;         5 data inputs ; 115                         ;
;         6 data inputs ; 155                         ;
; boundary_port         ; 64                          ;
;                       ;                             ;
; Max LUT depth         ; 20.20                       ;
; Average LUT depth     ; 17.56                       ;
+-----------------------+-----------------------------+


+-------------------------------+
; Elapsed Time Per Partition    ;
+----------------+--------------+
; Partition Name ; Elapsed Time ;
+----------------+--------------+
; Top            ; 00:00:01     ;
+----------------+--------------+


+-------------------------------+
; Analysis & Synthesis Messages ;
+-------------------------------+
Info: *******************************************************************
Info: Running Quartus Prime Analysis & Synthesis
    Info: Version 25.1std.0 Build 1129 10/21/2025 SC Lite Edition
    Info: Processing started: Fri Apr  3 15:29:19 2026
Info: Command: quartus_map --read_settings_files=on --write_settings_files=off boothmul -c boothmul
Warning (18236): Number of processors has not been specified which may cause overloading on shared machines.  Set the global assignment NUM_PARALLEL_PROCESSORS in your QSF to an appropriate value for best performance.
Info (20030): Parallel compilation is enabled and will use 16 of the 24 processors detected
Info (12021): Found 2 design units, including 1 entities, in source file rca.vhd
    Info (12022): Found design unit 1: RCA-STRUCTURAL File: D:/University/_MicroLabs/_tmp/Lab2/cap2/ex2.2.1/rca.vhd Line: 19
    Info (12023): Found entity 1: RCA File: D:/University/_MicroLabs/_tmp/Lab2/cap2/ex2.2.1/rca.vhd Line: 6
Info (12021): Found 2 design units, including 1 entities, in source file fa.vhd
    Info (12022): Found design unit 1: FA-BEHAVIORAL File: D:/University/_MicroLabs/_tmp/Lab2/cap2/ex2.2.1/fa.vhd Line: 12
    Info (12023): Found entity 1: FA File: D:/University/_MicroLabs/_tmp/Lab2/cap2/ex2.2.1/fa.vhd Line: 4
Info (12021): Found 2 design units, including 1 entities, in source file booth_encoder_selector.vhd
    Info (12022): Found design unit 1: booth_encoder_selector-bhv File: D:/University/_MicroLabs/_tmp/Lab2/cap2/ex2.2.1/booth_encoder_selector.vhd Line: 19
    Info (12023): Found entity 1: booth_encoder_selector File: D:/University/_MicroLabs/_tmp/Lab2/cap2/ex2.2.1/booth_encoder_selector.vhd Line: 6
Info (12021): Found 2 design units, including 0 entities, in source file constants.vhd
    Info (12022): Found design unit 1: CONSTANTS File: D:/University/_MicroLabs/_tmp/Lab2/cap2/ex2.2.1/constants.vhd Line: 1
    Info (12022): Found design unit 2: CONSTANTS-body File: D:/University/_MicroLabs/_tmp/Lab2/cap2/ex2.2.1/constants.vhd Line: 10
Info (12021): Found 2 design units, including 1 entities, in source file tb_multiplier.vhd
    Info (12022): Found design unit 1: MULTIPLIER_tb-TEST File: D:/University/_MicroLabs/_tmp/Lab2/cap2/ex2.2.1/tb_multiplier.vhd Line: 12
    Info (12023): Found entity 1: MULTIPLIER_tb File: D:/University/_MicroLabs/_tmp/Lab2/cap2/ex2.2.1/tb_multiplier.vhd Line: 7
Info (12021): Found 2 design units, including 1 entities, in source file boothmul.vhd
    Info (12022): Found design unit 1: boothmul-rtl File: D:/University/_MicroLabs/_tmp/Lab2/cap2/ex2.2.1/boothmul.vhd Line: 16
    Info (12023): Found entity 1: boothmul File: D:/University/_MicroLabs/_tmp/Lab2/cap2/ex2.2.1/boothmul.vhd Line: 6
Info (12127): Elaborating entity "boothmul" for the top level hierarchy
Info (12128): Elaborating entity "booth_encoder_selector" for hierarchy "booth_encoder_selector:\gen_pp:0:encoder_inst" File: D:/University/_MicroLabs/_tmp/Lab2/cap2/ex2.2.1/boothmul.vhd Line: 52
Info (12128): Elaborating entity "RCA" for hierarchy "RCA:\gen_adders:1:rca_inst" File: D:/University/_MicroLabs/_tmp/Lab2/cap2/ex2.2.1/boothmul.vhd Line: 70
Info (12128): Elaborating entity "FA" for hierarchy "RCA:\gen_adders:1:rca_inst|FA:\ADDER1:1:FAI" File: D:/University/_MicroLabs/_tmp/Lab2/cap2/ex2.2.1/rca.vhd Line: 43
Info (286030): Timing-Driven Synthesis is running
Info (16010): Generating hard_block partition "hard_block:auto_generated_inst"
    Info (16011): Adding 0 node(s), including 0 DDIO, 0 PLL, 0 transceiver and 0 LCELL
Info (21057): Implemented 564 device resources after synthesis - the final resource count might be different
    Info (21058): Implemented 32 input pins
    Info (21059): Implemented 32 output pins
    Info (21061): Implemented 500 logic cells
Info: Quartus Prime Analysis & Synthesis was successful. 0 errors, 1 warning
    Info: Peak virtual memory: 4953 megabytes
    Info: Processing ended: Fri Apr  3 15:29:25 2026
    Info: Elapsed time: 00:00:06
    Info: Total CPU time (on all processors): 00:00:10


